apply             gtk-apply.png
archive           mimetypes/gnome-package.png
audio             mimetypes/gnome-mime-audio.png
auth              gtk-dialog-authentication.png
book              stock/generic/stock_book_blue.png
bottom            gtk-goto-bottom.png
cancel            gtk-stop.png
cdrom             gtk-cdrom.png
clear             gtk-clear.png
close             gtk-close.png
color             gtk-select-color.png
color-picker      stock/image/stock_3d-color-picker.png
component         stock/code/stock_macro-objects.png
connect           gtk-connect.png
copy              gtk-copy.png
cut               gtk-cut.png
delete            gtk-delete.png
directory         filesystems/gnome-fs-directory.png
disconnect        gtk-disconnect.png
down              gtk-go-down.png
earth
edit              gtk-edit.png
error             gtk-dialog-error.png
exec              gtk-execute.png
file              gtk-file.png
fill
find              gtk-find.png
first             gtk-goto-first-ltr.png
flag              stock/net/stock_mail-flag-for-followup.png
flip-h
flip-v
floppy            gtk-floppy.png
font              gtk-font.png
forward           gtk-media-forward-ltr.png
fullscreen        gtk-fullscreen.png
gambas
game              apps/gnome-joystick.png
harddisk          gtk-harddisk.png
help              gtk-help.png
home              gtk-home.png
html              mimetypes/gnome-mime-text-html.png
image             mimetypes/gnome-mime-image.png
indent            gtk-indent-ltr.png
info              gtk-dialog-info.png
language          apps/config-language.png
last              gtk-goto-last-ltr.png
layers
left              gtk-go-back-ltr.png
linux
make
make-all
network           gtk-network.png
new               gtk-new.png
new-dir           stock/generic/stock_new-dir.png
next              gtk-media-next-ltr.png
ok                gtk-ok.png
open              gtk-open.png
options           gtk-properties.png
pause             gtk-media-pause.png
paste             gtk-paste.png
pen
people            stock/generic/stock_people.png
play              gtk-media-play-ltr.png
previous          gtk-media-previous-ltr.png
print             gtk-print.png
printer           gtk-print.png
properties        stock/generic/stock_properties.png
question          gtk-dialog-question.png
quit              gtk-quit.png
redo              gtk-redo-ltr.png
refresh           gtk-refresh.png
replace           gtk-find-and-replace.png
rewind            gtk-media-rewind-ltr.png
right             gtk-go-forward-ltr.png
rotate-left
rotate-right
save              gtk-save.png
save-as           gtk-save-as.png
select
spell-check       gtk-spell-check.png
stop              gtk-media-stop.png
system            filesystems/gnome-fs-client.png
terminal          apps/gnome-terminal.png
text              mimetypes/gnome-mime-text.png
text-bold         gtk-bold.png
text-left         gtk-justify-left.png
text-center       gtk-justify-center.png
text-italic       gtk-italic.png
text-fill         gtk-justify-fill.png
text-right        gtk-justify-right.png
text-strike       gtk-strikethrough.png
text-underline    gtk-underline.png
tools             gtk-preferences.png
top               gtk-goto-top.png
trash             gtk-delete.png
undo              gtk-undo-ltr.png
unindent          gtk-unindent-ltr.png
up                gtk-go-up.png
video             mimetypes/gnome-mime-video.png
view-hidden       stock/io/stock_open-read-only.png
view-icon         
view-detail         
view-split-h      
view-split-v      
warning           gtk-dialog-warning.png
watch             stock/generic/stock_show-all.png
zoom-fit          gtk-zoom-fit.png
zoom-in           gtk-zoom-in.png
zoom-normal       gtk-zoom-100.png
zoom-out          gtk-zoom-out.png
