apply             actions/apply.png
archive           mimetypes/tar.png
audio             mimetypes/sound.png
auth              actions/encrypted.png
book              actions/contents2.png
bottom            actions/bottom.png
cancel            actions/button_cancel.png
cdrom             devices/cdrom_unmount.png
clear             actions/locationbar_erase.png
close             actions/fileclose.png
color             apps/colors.png
color-picker      actions/colorpicker.png
component         devices/blockdevice.png
connect           actions/connect_established.png
copy              actions/editcopy.png
cut               actions/editcut.png
delete            actions/editdelete.png
directory         filesystems/folder.png
disconnect        actions/connect_no.png
down              actions/down.png
earth             stock/net/stock_internet.png
edit              actions/edit.png
error             actions/messagebox_critical.png
exec              actions/exec.png
file              mimetypes/unknown.png
find              actions/find.png
first             actions/start.png
flag              actions/flag.png
floppy            devices/3floppy_unmount.png
font              apps/fonts.png
forward           actions/player_fwd.png
fullscreen        actions/window_fullscreen.png
gambas
game              apps/package_games_arcade.png
harddisk          devices/hdd_unmount.png
help              actions/help.png
home              filesystems/folder_home.png
html              mimetypes/html.png
image             mimetypes/image.png
indent            actions/indent.png
info              actions/messagebox_info.png
language          apps/locale.png
last              actions/finish.png
left              actions/previous.png
linux             apps/tux.png
network           filesystems/network.png
new               actions/filenew.png
new-dir           actions/folder_new.png
next              actions/player_end.png
ok                actions/button_ok.png
open              actions/fileopen.png
options           actions/configure.png
pause             actions/player_pause.png
paste             actions/editpaste.png
pen               actions/pencil.png
people            actions/kontact_contacts.png
play              actions/player_play.png
previous          actions/player_start.png
print             actions/fileprint.png
printer           devices/printer1.png
question          actions/help.png
quit              actions/exit.png
redo              actions/redo.png
refresh           actions/reload.png
rewind            actions/player_rew.png
right             actions/next.png
save              actions/filesave.png
save-as           actions/filesaveas.png
spell-check       actions/spellcheck.png
stop              actions/player_stop.png
system            devices/system.png
terminal          actions/openterm.png
text              mimetypes/txt.png
text-bold         actions/text_bold.png
text-left         actions/text_left.png
text-center       actions/text_center.png
text-italic       actions/text_italic.png
text-fill         actions/text_block.png
text-right        actions/text_right.png
text-strike       actions/text_strike.png
text-underline    actions/text_under.png      
tools             apps/package_utilities.png   
top               actions/top.png
trash             actions/emptytrash.png
undo              actions/undo.png
unindent          actions/unindent.png
up                actions/up.png
video             mimetypes/video.png
view-hidden
view-icon         actions/view_icon.png      
view-detail       actions/view_detailed.png
view-split-h      actions/view_left_right.png
view-split-v      actions/view_top_bottom.png
warning           actions/messagebox_warning.png
zoom-fit          actions/viewmagfit.png
zoom-in           actions/viewmag+.png
zoom-normal       actions/viewmag1.png
zoom-out          actions/viewmag-.png
