access            apps/preferences-desktop-accessibility
add               actions/list-add
apply             actions/dialog-ok-apply
archive           mimetypes/tgz
attach            status/mail-attachment
audio             mimetypes/audio-x-generic
battery           devices/battery
book              apps/accessories-dictionary
bookmark          places/bookmarks
bottom            actions/go-bottom
calculator        apps/accessories-calculator
calendar          actions/view-pim-calendar
camera            devices/camera-photo
cancel            actions/dialog-cancel
cdrom             devices/media-optical
clear             actions/edit-clear
clock             status/appointment-soon
close             actions/window-close
color             categories/applications-graphics
color-picker      actions/color-picker
component         categories/applications-utilities
computer          devices/computer
connect           actions/network-connect
copy              actions/edit-copy
cut               actions/edit-cut
delete            actions/edit-delete
desktop           places/user-desktop
directory         places/folder
disconnect        actions/network-disconnect
down              actions/go-down
edit              apps/accessories-text-editor
eject             actions/media-eject
end               actions/media-skip-forward
erase             actions/draw-eraser
error             status/dialog-error
exec              actions/system-run
file              mimetypes/application-x-zerosize
file-manager      apps/system-file-manager
fill              actions/fill-color
filter            actions/view-filter
find              actions/edit-find
first             actions/go-first
flag              
flip-h            actions/object-flip-horizontal
flip-v            actions/object-flip-vertical
floppy            devices/media-floppy
font              apps/preferences-desktop-font
forward           actions/media-seek-forward
fullscreen        actions/view-fullscreen
gambas
game              categories/applications-games
grid
halt              actions/process-stop
harddisk          devices/drive-harddisk
hardware          devices/audio-card
;heart             emblems/emblem-favorite
help              apps/help-browser
home              actions/go-home
html              mimetypes/text-html
image             mimetypes/image-x-generic
important         emblems/emblem-important
indent            actions/format-indent-more
info              status/dialog-information
insert-image      actions/insert-image
insert-link       actions/insert-link
insert-text       actions/insert-text
internet          categories/applications-internet
jump              actions/go-jump
lamp              status/dialog-information
language          apps/preferences-desktop-locale
last              actions/go-last
left              actions/go-previous
lock              status/changes-prevent
mail              actions/mail-mark-unread
make              actions/arrow-down
make-all          actions/arrow-down-double
microphone        devices/audio-input-microphone
mouse             devices/input-mouse
m-player          devices/multimedia-player
network           places/network-workgroup
new               actions/document-new
new-dir           actions/folder-new
next              actions/go-next-view
ok                actions/dialog-ok
open              actions/document-open
open-recent       actions/document-open-recent
options           actions/configure
package           apps/system-software-install
pause             actions/media-playback-pause
paste             actions/edit-paste
pda               devices/pda
pen               actions/draw-freehand
people            apps/system-users
phone             devices/phone
play              actions/media-playback-start
previous          actions/media-skip-backward
print             actions/document-print
printer           devices/printer
properties        actions/document-properties
question          actions/svn-status;#
quit              actions/application-exit
recent            actions/document-open-recent
record            actions/media-record
redo              actions/edit-redo
refresh           actions/view-refresh
remove            actions/list-remove
replace           actions/edit-find-replace
revert            actions/document-revert
rewind            actions/media-seek-backward
right             actions/go-next
rotate-left       actions/object-rotate-left
rotate-right      actions/object-rotate-right
save              actions/document-save
save-as           actions/document-save-as
security          status/security-medium
science           categories/applications-science
screen            devices/video-display
select            actions/select-rectangular
select-all        actions/edit-select-all
server            places/network-server
shortcut          apps/preferences-desktop-keyboard
sort-ascent       actions/view-sort-ascending
sort-descent      actions/view-sort-descending
spell-check       actions/tools-check-spelling
start             actions/media-skip-backward
stop              actions/media-playback-stop
sun               status/weather-clear
system            devices/computer
terminal          apps/utilities-terminal
text              mimetypes/text-plain
text-bold         actions/format-text-bold
text-left         actions/format-justify-left
text-center       actions/format-justify-center
text-italic       actions/format-text-italic
text-fill         actions/format-justify-fill
text-right        actions/format-justify-right
text-strike       actions/format-text-strikethrough
text-underline    actions/format-text-underline
tools             categories/preferences-system
top               actions/go-top
trash             places/user-trash
undo              actions/edit-undo
unindent          actions/format-indent-less
unlock            status/changes-allow
up                actions/go-up
video             mimetypes/video-x-generic
view-detail       actions/view-list-details
view-icon         actions/view-list-icons
view-normal       actions/view-close
view-split-h      actions/view-split-left-right
view-split-v      actions/view-split-top-bottom
warning           status/dialog-warning
watch             apps/strigi
wizard            actions/tools-wizard
zoom-fit          actions/zoom-fit-best
zoom-in           actions/zoom-in
zoom-normal       actions/zoom-original
zoom-out          actions/zoom-out
