access          apps/access.png
add             actions/add.png
apply           stock/generic/stock_calc-accept.png
archive         mimetypes/gnome-mime-application-x-archive.png
attach          status/mail-attachment.png
audio           mimetypes/gnome-mime-application-ogg.png
book            stock/generic/stock_book_blue.png
bookmark        stock/object/stock_bookmark.png
bottom          actions/stock_bottom.png
calendar        mimetypes/vcalendar.png
camera          devices/camera.png
cancel          stock/generic/stock_calc-cancel.png
cdrom           devices/cdrom_unmount.png
clear           gtk-clear.png
clock           status/stock_appointment-reminder.png
close           actions/gtk-close.png
color           stock/generic/stock_color.png
color-picker    stock/image/stock_3d-color-picker.png
component       stock/code/stock_macro-objects.png
connect         stock/net/stock_connect.png
copy            actions/stock_copy.png
cut             actions/stock_cut.png
delete          actions/stock_delete.png
desktop         places/gnome-fs-desktop.png
directory       places/stock_folder.png
disconnect      stock/net/stock_disconnect.png
down            actions/stock_down.png
earth           categories/gnome-globe.png
edit            stock/generic/stock_edit.png
end             actions/stock_media-next.png
erase
error           status/dialog-error.png
exec            actions/gnome-run.png
file            mimetypes/gtk-file.png
fill            stock/image/stock_bucketfill.png
find            actions/edit-find.png
first           actions/stock_first.png
flag            stock/net/stock_mail-flag-for-followup.png
flip-h          stock/generic/stock_flip-horizontally.png
flip-v          stock/generic/stock_flip-vertically.png
floppy          devices/gtk-floppy.png
font            apps/fonts.png
forward         actions/stock_media-fwd.png
fullscreen      actions/stock_fullscreen.png
gambas        
game            categories/applications-games.png
harddisk        devices/gtk-harddisk.png
help            apps/stock_help.png
home            places/folder_home.png
html            mimetypes/gnome-mime-text-html.png
image           mimetypes/gnome-mime-image.png
indent          actions/stock_text_indent.png
info            status/stock_dialog-info.png
lamp            stock/object/stock_3d-light.png
language        apps/config-language.png
last            actions/stock_last.png
layers        
left            actions/stock_left.png
linux        
lock            stock/data/stock_lock.png
mail            stock/net/stock_mail.png
make        
make-all      
mouse           devices/mouse.png
network         places/network_local.png
new             stock/document/stock_new.png
new-dir         actions/folder-new.png
next            actions/stock_media-next.png
ok              gtk-ok.png
open            status/stock_open.png
options         stock/generic/stock_file-properties.png
package         apps/gnome-settings-default-applications.png
pause           actions/stock_media-pause.png
paste           actions/stock_paste.png
pen             
people          stock/generic/stock_people.png
play            actions/stock_media-play.png
previous        actions/stock_media-prev.png
print           actions/stock_print.png
printer         devices/stock_printers.png
properties      stock/generic/stock_properties.png
question        gtk-dialog-question.png
quit            actions/gtk-quit.png
redo            actions/stock_redo.png
refresh         actions/stock_refresh.png
remove          actions/remove.png
replace         actions/stock_search-and-replace.png
rewind          actions/stock_media-rew.png
right           actions/stock_right.png
rotate-left        
rotate-right        
save            actions/stock_save.png
save-as         actions/stock_save-as.png
select        
shortcut        devices/keyboard.png
spell-check     stock/text/stock_spellcheck.png
start           actions/stock_media-prev.png
stop            actions/stock_media-stop.png
system          devices/gnome-fs-client.png
terminal        apps/gnome-terminal.png
text            mimetypes/gnome-mime-text.png
text-bold       actions/stock_text_bold.png
text-left       actions/stock_text_left.png
text-center     actions/stock_text_center.png
text-italic     actions/stock_text_italic.png
text-fill       actions/stock_text_justify.png
text-right      actions/stock_text_right.png
text-strike     actions/stock_text-strikethrough.png
text-underline  actions/stock_text_underlined.png
tools           categories/preferences-system.png
top             actions/stock_top.png
trash           status/stock_trash_full.png
undo            actions/stock_undo.png
unindent        actions/stock_text_unindent.png
unlock          stock/data/stock_lock-open.png
up              actions/stock_up.png
video           mimetypes/gnome-mime-video.png
view-detail        
view-hidden        
view-icon        
view-normal
view-split-h        
view-split-v        
watch           stock/code/stock_macro-watch-variable.png
warning         status/stock_dialog-warning.png
wizard          stock/data/stock_filters.png
zoom-fit        actions/stock_zoom-page.png
zoom-in         actions/stock_zoom-in.png
zoom-normal     actions/stock_zoom-1.png
zoom-out        actions/stock_zoom-out.png