access                  apps/preferences-desktop-accessibility
add                     actions/list-add
apply                   actions/dialog-apply;actions/dialog-ok-apply
archive                 $(mime)/package-x-generic;apps/utilities-file-archiver
attach                  status/mail-attachment
audio                   mimetypes/audio-x-generic;mimes/audio-x-generic
battery                 devices/battery
book                    apps/accessories-dictionary
bookmark                places/bookmarks;actions/bookmark-new;places/user-bookmarks
bottom                  actions/go-bottom
calculator              apps/accessories-calculator
calendar                actions/office-calendar;apps/evolution-calendar;actions/view-pim-calendar
camera                  devices/camera-photo
cancel                  actions/dialog-cancel
cdrom                   devices/media-optical
clear                   actions/edit-clear-locationbar-rtl;actions/edit-clear
clock                   apps/clock;actions/chronometer
close                   actions/window-close
color                   categories/applications-graphics
color-picker            actions/color-picker
component               categories/applications-utilities;apps/nepomuk
computer                devices/computer
connect                 actions/network-connect
copy                    actions/edit-copy
cut                     actions/edit-cut
delete                  actions/edit-delete
desktop                 places/user-desktop
development             categories/applications-development
directory               places/folder
disconnect              actions/network-disconnect
down                    actions/go-down
download                [elementary]actions/media-import-audio-cd;emblems/emblem-downloads;actions/download
edit                    apps/accessories-text-editor;actions/document-edit
eject                   actions/media-eject
end                     actions/media-skip-forward
erase                   actions/draw-eraser
error                   status/dialog-error
exec                    actions/system-run
file                    mimetypes/empty;mimes/empty;mimetypes/application-x-zerosize;mimes/application-x-zerosize
file-manager            apps/system-file-manager
fill                    actions/fill-color
filter                  actions/view-filter
find                    actions/edit-find
first                   actions/go-first
flag                    actions/flag-red
flip-h                  actions/object-flip-horizontal
flip-v                  actions/object-flip-vertical
floppy                  devices/media-floppy
font                    apps/preferences-desktop-font
forward                 actions/media-seek-forward
fullscreen              actions/view-fullscreen
gambas                  #
game                    categories/applications-games;apps/preferences-desktop-gaming
gnu                     #
grid                    actions/view-grid
halt                    actions/process-stop
harddisk                devices/drive-harddisk
hardware                devices/audio-card
help                    apps/help-browser
home                    actions/go-home
html                    mimetypes/text-html;mimes/text-html
identity                apps/user-info;apps/preferences-desktop-user
image                   mimetypes/image-x-generic;mimes/image-x-generic
important               emblems/emblem-important
indent                  actions/format-indent-more
info                    status/dialog-information
insert-image            actions/insert-image
insert-link             actions/insert-link
insert-text             actions/insert-text
internet                categories/applications-internet
jump                    actions/go-jump
keyboard                apps/preferences-desktop-keyboard
lamp                    actions/help-hint
language                apps/preferences-desktop-locale
last                    actions/go-last
left                    actions/go-previous
link                    emblems/emblem-symbolic-link
linux                   #
lock                    status/object-locked
mail                    apps/evolution-mail;actions/mail-mark-unread
make                    actions/arrow-down
make-all                actions/arrow-down-double
media-player            devices/multimedia-player
menu                    apps/alacarte;apps/kmenuedit
microphone              devices/audio-input-microphone
monitor                 apps/utilities-system-monitor
mouse                   devices/input-mouse
multimedia              categories/applications-multimedia
muted                   status/audio-volume-muted
network                 places/network-workgroup
new                     actions/document-new
new-dir                 actions/folder-new
new-window              actions/window-new
next                    actions/go-next;actions/go-next-view
office                  [elementary]categories/applications-other;categories/applications-office
ok                      actions/dialog-ok
open                    actions/document-open
open-recent             actions/document-open-recent
options                 categories/preferences-system;actions/configure
package                 apps/system-software-install;apps/preferences-desktop-default-applications
paste                   actions/edit-paste
pause                   actions/media-playback-pause
pda                     devices/pda
pdf                     mimetypes/application-pdf;mimes/application-pdf
pen                     actions/draw-freehand
people                  apps/system-users
phone                   devices/phone
play                    actions/media-playback-start
previous                actions/go-previous;actions/go-previous-view
print                   actions/document-print
printer                 devices/printer
program                 mimetypes/application-x-executable;mimes/application-x-executable
properties              actions/document-properties
question                status/dialog-question;actions/svn-status;#
quit                    actions/application-exit
recent                  actions/document-open-recent
record                  actions/media-record
redo                    actions/edit-redo
refresh                 actions/view-refresh
remove                  actions/list-remove
replace                 actions/edit-find-replace
revert                  actions/document-revert
rewind                  actions/media-seek-backward
right                   actions/go-next
rotate-left             actions/object-rotate-left
rotate-right            actions/object-rotate-right
save                    actions/document-save
save-as                 actions/document-save-as
science                 categories/applications-science
screen                  devices/video-display
script                  mimetypes/text-x-script
security                status/security-medium
select                  actions/select-rectangular
select-all              actions/edit-select-all
server                  places/network-server
shortcut                apps/accessories-character-map
sort-ascent             actions/view-sort-ascending
sort-descent            actions/view-sort-descending
spell-check             actions/tools-check-spelling
start                   actions/media-skip-backward
stop                    actions/media-playback-stop
sun                     status/weather-clear
system                  devices/computer
tablet                  devices/input-tablet
terminal                apps/utilities-terminal
text                    mimetypes/text-x-generic;mimes/text-x-generic;mimetypes/text-plain;mimes/text-plain
text-bold               actions/format-text-bold
text-center             actions/format-justify-center
text-fill               actions/format-justify-fill
text-italic             actions/format-text-italic
text-left               actions/format-justify-left
text-right              actions/format-justify-right
text-strike             actions/format-text-strikethrough
text-underline          actions/format-text-underline
tools                   [elementary]categories/applications-developmenent;categories/preferences-system
top                     actions/go-top
trash                   places/user-trash
undo                    actions/edit-undo
unindent                actions/format-indent-less
unlock                  actions/object-unlocked
up                      actions/go-up
video                   mimetypes/video-x-generic;mimes/video-x-generic
view-detail             actions/view-list-details
view-icon               actions/view-list-icons
view-normal             actions/view-close
view-split-h            actions/view-split-left-right
view-split-v            actions/view-split-top-bottom
volume                  status/audio-volume-high
warning                 status/dialog-warning
watch                   apps/strigi
webcam                  devices/camera-web
wizard                  actions/tools-wizard
zoom-fit                actions/zoom-fit-best
zoom-in                 actions/zoom-in
zoom-normal             actions/zoom-original
zoom-out                actions/zoom-out
