access            apps/preferences-desktop-accessibility.png
add               actions/list-add.png
apply             actions/dialog-ok-apply.png
archive           apps/utilities-file-archiver.png
attach            status/mail-attachment.png
audio             mimetypes/audio-x-generic.png
battery           devices/battery.png
book              apps/accessories-dictionary.png
bookmark          places/bookmarks.png
bottom            actions/go-bottom.png
calculator        apps/accessories-calculator.png
calendar          actions/view-pim-calendar.png
camera            devices/camera-photo.png
cancel            actions/dialog-cancel.png
cdrom             devices/media-optical.png
clear             actions/edit-clear-locationbar-ltr.png
clock             actions/chronometer.png
close             actions/window-close.png
color             categories/applications-graphics.png
color-picker      actions/color-picker.png
component         apps/nepomuk.png
computer          devices/computer.png
connect           actions/network-connect.png
copy              actions/edit-copy.png
cut               actions/edit-cut.png
delete            actions/edit-delete.png
desktop           places/user-desktop.png
directory         places/folder.png
disconnect        actions/network-disconnect.png
down              actions/go-down.png
earth             categories/applications-internet.png
edit              actions/document-edit.png
eject             actions/media-eject.png
end               actions/media-skip-forward.png
erase             actions/draw-eraser.png
error             status/dialog-error.png
exec              actions/system-run.png
file              mimetypes/application-x-zerosize.png
file-manager      apps/system-file-manager.png
fill              actions/fill-color.png
filter            actions/view-filter.png
find              actions/edit-find.png
first             actions/go-first.png
flag              actions/flag-red.png
flip-h            actions/object-flip-horizontal.png
flip-v            actions/object-flip-vertical.png
floppy            devices/media-floppy.png
font              apps/preferences-desktop-font.png
forward           actions/media-seek-forward.png
fullscreen        actions/view-fullscreen.png
gambas
game              apps/preferences-desktop-gaming.png
grid
halt              actions/process-stop.png
harddisk          devices/drive-harddisk.png
hardware          devices/audio-card.png
heart             emblems/emblem-favorite.png
help              apps/help-browser.png
home              actions/go-home.png
html              mimetypes/text-html.png
image             mimetypes/image-x-generic.png
important         emblems/emblem-important.png
indent            actions/format-indent-more.png
info              status/dialog-information.png
insert-image      actions/insert-image.png
insert-link       actions/insert-link.png
insert-text       actions/insert-text.png
jump              actions/go-jump.png
lamp              actions/help-hint.png
language          apps/preferences-desktop-locale.png
last              actions/go-last.png
layers
left              actions/go-previous.png
linux             apps/tux.png
lock              status/object-locked.png
mail              actions/mail-mark-unread.png
make              actions/arrow-down.png
make-all          actions/arrow-down-double.png
microphone        devices/audio-input-microphone.png
modem             devices/modem.png
mouse             devices/input-mouse.png
m-player          devices/multimedia-player.png
network           places/network-workgroup.png
new               actions/document-new.png
new-dir           actions/folder-new.png
next              actions/go-next-view.png
ok                actions/dialog-ok.png
open              actions/document-open.png
open-recent       actions/document-open-recent.png
options           actions/configure.png
package           apps/preferences-desktop-default-applications.png
pause             actions/media-playback-pause.png
paste             actions/edit-paste.png
pda               devices/pda.png
pen               actions/draw-freehand.png
people            apps/system-users.png
phone             devices/phone.png
play              actions/media-playback-start.png
previous          actions/go-previous-view.png
print             actions/document-print.png
printer           devices/printer.png
properties        actions/document-properties.png
question          actions/svn-status.png;#
quit              actions/application-exit.png
recent            actions/document-open-recent.png
record            actions/media-record.png
redo              actions/edit-redo.png
refresh           actions/view-refresh.png
remove            actions/list-remove.png
replace           actions/edit-find-replace.png
revert            actions/document-revert.png
rewind            actions/media-seek-backward.png
right             actions/go-next.png
rotate-left       actions/object-rotate-left.png
rotate-right      actions/object-rotate-right.png
save              actions/document-save.png
save-as           actions/document-save-as.png
science           categories/applications-science.png
screen            devices/video-display.png
security          status/security-medium.png
select            actions/select-rectangular.png
select-all        actions/edit-select-all.png
server            places/network-server.png
shortcut          apps/preferences-desktop-keyboard.png
sort-ascent       actions/view-sort-ascending.png
sort-descent      actions/view-sort-descending.png
spell-check       actions/tools-check-spelling.png
start             actions/media-skip-backward.png
stop              actions/media-playback-stop.png
sun               status/weather-clear.png
system            devices/computer.png
terminal          apps/utilities-terminal.png
text              mimetypes/text-plain.png
text-bold         actions/format-text-bold.png
text-left         actions/format-justify-left.png
text-center       actions/format-justify-center.png
text-italic       actions/format-text-italic.png
text-fill         actions/format-justify-fill.png
text-right        actions/format-justify-right.png
text-strike       actions/format-text-strikethrough.png
text-underline    actions/format-text-underline.png
tools             categories/preferences-system.png
top               actions/go-top.png
trash             places/user-trash.png
undo              actions/edit-undo.png
unindent          actions/format-indent-less.png
unlock            actions/object-unlocked.png
up                actions/go-up.png
video             mimetypes/video-x-generic.png
view-detail       actions/view-list-details.png
view-icon         actions/view-list-icons.png
view-normal       actions/view-close.png
view-split-h      actions/view-split-left-right.png
view-split-v      actions/view-split-top-bottom.png
warning           status/dialog-warning.png
watch             apps/strigi.png
wizard            actions/tools-wizard.png
zoom-fit          actions/zoom-fit-best.png
zoom-in           actions/zoom-in.png
zoom-normal       actions/zoom-original.png
zoom-out          actions/zoom-out.png
